2025-08-01 11:56:41 - loinc_transformation - INFO - _setup_session_logging:301 - ============================================================
2025-08-01 11:56:41 - loinc_transformation - INFO - _setup_session_logging:302 - LOINC TO OCL TRANSFORMATION SESSION STARTED
2025-08-01 11:56:41 - loinc_transformation - INFO - _setup_session_logging:303 - ============================================================
2025-08-01 11:56:41 - loinc_transformation - INFO - _setup_session_logging:304 - Session ID: 20250801_115641
2025-08-01 11:56:41 - loinc_transformation - INFO - _setup_session_logging:305 - Start Time: 2025-08-01T11:56:41.366054
2025-08-01 11:56:41 - loinc_transformation - INFO - _setup_session_logging:306 - Log Level: INFO
2025-08-01 11:56:41 - loinc_transformation - INFO - _setup_session_logging:307 - Log Directory: logs
2025-08-01 11:56:41 - loinc_transformation - INFO - _setup_session_logging:308 - ============================================================
2025-08-01 11:56:41 - loinc_transformation.main - INFO - run_phase1_foundation:151 - Starting Phase 1: Foundation & Data Loading
2025-08-01 11:56:41 - loinc_transformation - INFO - start_phase:327 - STARTING PHASE: Configuration Loading
2025-08-01 11:56:41 - loinc_transformation - INFO - start_phase:328 - ----------------------------------------
2025-08-01 11:56:41 - loinc_transformation.main - INFO - run_phase1_foundation:155 - Loading configuration files...
2025-08-01 11:56:41 - loinc_transformation - INFO - log_statistics:396 - STATISTICS - Configuration:
2025-08-01 11:56:41 - loinc_transformation - INFO - log_statistics:405 -   Input Directory: C:\Users\jamlung\Documents\LOINC\Loinc_2.80
2025-08-01 11:56:41 - loinc_transformation - INFO - log_statistics:405 -   Output Directory: C:\Users\jamlung\Documents\GitHub\ocl-content\LOINC\LOINC-OCL-ETL\output
2025-08-01 11:56:41 - loinc_transformation - INFO - log_statistics:405 -   LOINC Version: 2.80
2025-08-01 11:56:41 - loinc_transformation - INFO - log_statistics:405 -   Transformation Rules Version: v1
2025-08-01 11:56:41 - loinc_transformation - INFO - end_phase:335 - ----------------------------------------
2025-08-01 11:56:41 - loinc_transformation - INFO - end_phase:336 - COMPLETED PHASE: Configuration Loading (0.04s)
2025-08-01 11:56:41 - loinc_transformation - INFO - end_phase:337 - 
2025-08-01 11:56:41 - loinc_transformation - INFO - start_phase:327 - STARTING PHASE: Data Loading & Validation
2025-08-01 11:56:41 - loinc_transformation - INFO - start_phase:328 - ----------------------------------------
2025-08-01 11:56:41 - loinc_transformation.main - INFO - run_phase1_foundation:178 - Loading LOINC data files...
2025-08-01 11:57:04 - loinc_transformation.main - ERROR - run_phase1_foundation:192 - Data loading failed
2025-08-01 11:57:04 - loinc_transformation.main - ERROR - run_phase1_foundation:193 - Errors encountered:
2025-08-01 11:57:04 - loinc_transformation.main - ERROR - run_phase1_foundation:195 -   - Data validation failed: ValidationReport.__init__() missing 1 required positional argument: 'issues'
2025-08-01 11:57:04 - loinc_transformation - INFO - end_phase:335 - ----------------------------------------
2025-08-01 11:57:04 - loinc_transformation - INFO - end_phase:336 - COMPLETED PHASE: Data Loading & Validation (23.12s)
2025-08-01 11:57:04 - loinc_transformation - INFO - end_phase:337 - 
2025-08-01 11:57:04 - loinc_transformation - INFO - finalize_session:482 - ============================================================
2025-08-01 11:57:04 - loinc_transformation - INFO - finalize_session:483 - TRANSFORMATION SESSION SUMMARY
2025-08-01 11:57:04 - loinc_transformation - INFO - finalize_session:484 - ============================================================
2025-08-01 11:57:04 - loinc_transformation - INFO - finalize_session:487 - Session Duration: 0:00:23
2025-08-01 11:57:04 - loinc_transformation - INFO - finalize_session:490 - 
Phase Performance:
2025-08-01 11:57:04 - loinc_transformation - INFO - finalize_session:492 -   Configuration Loading: 0:00:00
2025-08-01 11:57:04 - loinc_transformation - INFO - finalize_session:492 -   Data Loading & Validation: 0:00:23
2025-08-01 11:57:04 - loinc_transformation - INFO - finalize_session:503 - 
Errors: 0
2025-08-01 11:57:04 - loinc_transformation - INFO - finalize_session:504 - Warnings: 0
2025-08-01 11:57:04 - loinc_transformation - INFO - save_session_report:468 - Session report saved to: logs\session_report_20250801_115641.json
2025-08-01 11:57:04 - loinc_transformation - INFO - finalize_session:509 - ============================================================
2025-08-01 11:57:04 - loinc_transformation - INFO - finalize_session:510 - SESSION COMPLETED
2025-08-01 11:57:04 - loinc_transformation - INFO - finalize_session:511 - ============================================================
